// Jest Snapshot v1, https://goo.gl/fbAQLP

exports[`DependencyRegistry create() fails when name is invalid 1`] = `"Invalid name: 'undefined'"`;

exports[`DependencyRegistry create() fails when name is invalid 2`] = `"Invalid name: 'null'"`;

exports[`DependencyRegistry create() fails when name is invalid 3`] = `"Invalid name: ''"`;

exports[`DependencyRegistry create() fails when name is invalid 4`] = `"Invalid name: 'true'"`;

exports[`DependencyRegistry create() fails when name is invalid 5`] = `"Invalid name: 'Symbol(hello world)'"`;

exports[`DependencyRegistry create() fails when name is invalid 6`] = `"Invalid name: '123'"`;

exports[`DependencyRegistry create() fails when name is invalid 7`] = `"Invalid name: '[object Object]'"`;

exports[`DependencyRegistry create() fails when name is invalid 8`] = `"Invalid name: '1,2,3'"`;

exports[`DependencyRegistry value() fails when name is invalid 1`] = `"Invalid name: 'undefined'"`;

exports[`DependencyRegistry value() fails when name is invalid 2`] = `"Invalid name: 'null'"`;

exports[`DependencyRegistry value() fails when name is invalid 3`] = `"Invalid name: ''"`;

exports[`DependencyRegistry value() fails when name is invalid 4`] = `"Invalid name: 'true'"`;

exports[`DependencyRegistry value() fails when name is invalid 5`] = `"Invalid name: 'Symbol(hello world)'"`;

exports[`DependencyRegistry value() fails when name is invalid 6`] = `"Invalid name: '123'"`;

exports[`DependencyRegistry value() fails when name is invalid 7`] = `"Invalid name: '[object Object]'"`;

exports[`DependencyRegistry value() fails when name is invalid 8`] = `"Invalid name: '1,2,3'"`;

exports[`DependencyRegistry values() fails when name is invalid 1`] = `"Invalid name: ''"`;
